profile_id: 0d788de9435fdd09f6f72b783348130d
step: step_6_start_trial
time: 20260223_024218
url: https://www.coursera.org/professional-certificates/google-ai?action=enroll
title: Google AI Professional Certificate | Coursera
error: Still on signup page; trial flow not reachable due verification.
traceback:
Traceback (most recent call last):
  File "C:\Users\peng8\Desktop\AI PROJECT\Coursera.py", line 1017, in run_coursera_workflow
    _click_first(driver, start_trial_xpaths, timeout=20)
  File "C:\Users\peng8\Desktop\AI PROJECT\Coursera.py", line 509, in _click_first
    element = _wait_for_visible_element(driver, xpaths, timeout=timeout)
              ^^^^^^^^^^^^^^^^^^^^^^^^^^^^^^^^^^^^^^^^^^^^^^^^^^^^^^^^^^
  File "C:\Users\peng8\Desktop\AI PROJECT\Coursera.py", line 506, in _wait_for_visible_element
    raise TimeoutException(f"No visible element found for xpaths: {xpaths}")
selenium.common.exceptions.TimeoutException: Message: No visible element found for xpaths: ["//button[contains(., 'Start Free Trial')]", "//button[contains(., 'Start free trial')]", "//button[contains(., 'Free Trial')]", "//a[contains(., 'Start Free Trial')]", "//a[contains(., 'Free Trial')]"]


During handling of the above exception, another exception occurred:

Traceback (most recent call last):
  File "C:\Users\peng8\Desktop\AI PROJECT\Coursera.py", line 1026, in run_coursera_workflow
    raise RuntimeError("Still on signup page; trial flow not reachable due verification.")
RuntimeError: Still on signup page; trial flow not reachable due verification.
